exports[`Full App full app display 1`] = `
<div>
  <Navigation />
</div>
`;
