exports[`Full Navigation Navigation bar 1`] = `
<ul>
  <li>
    <a
      href="#">
      Home
    </a>
  </li>
  <li>
    <a
      href="#">
      Stores
    </a>
  </li>
  <li>
    <a
      href="#">
      Cart
    </a>
  </li>
</ul>
`;
